Archive member included to satisfy reference by file (symbol)

c:/program files (x86)/atmel/studio/7.0/toolchain/avr8/avr8-gnu-toolchain/bin/../lib/gcc/avr/5.4.0/avr5\libgcc.a(_exit.o)
                              C:/Program Files (x86)/Atmel/Studio/7.0/Packs/atmel/ATmega_DFP/2.0.401/gcc/dev/atmega32/avr5/crtatmega32.o (exit)
c:/program files (x86)/atmel/studio/7.0/toolchain/avr8/avr8-gnu-toolchain/bin/../lib/gcc/avr/5.4.0/avr5\libgcc.a(_copy_data.o)
                              HAL/KEYPAD/KEYPAD.o (__do_copy_data)
c:/program files (x86)/atmel/studio/7.0/toolchain/avr8/avr8-gnu-toolchain/bin/../lib/gcc/avr/5.4.0/avr5\libgcc.a(_clear_bss.o)
                              APP/main.o (__do_clear_bss)

Allocating common symbols
Common symbol       size              file

readKeypad          0x1               APP/main.o
readSPI             0x1               APP/main.o

Discarded input sections

 .data          0x00000000        0x0 C:/Program Files (x86)/Atmel/Studio/7.0/Packs/atmel/ATmega_DFP/2.0.401/gcc/dev/atmega32/avr5/crtatmega32.o
 .bss           0x00000000        0x0 C:/Program Files (x86)/Atmel/Studio/7.0/Packs/atmel/ATmega_DFP/2.0.401/gcc/dev/atmega32/avr5/crtatmega32.o
 .group         0x00000000        0x8 APP/main.o
 .group         0x00000000        0x8 APP/main.o
 .group         0x00000000        0x8 APP/main.o
 .group         0x00000000        0x8 APP/main.o
 .group         0x00000000        0x8 APP/main.o
 .group         0x00000000        0x8 APP/main.o
 .group         0x00000000        0x8 APP/main.o
 .group         0x00000000        0x8 APP/main.o
 .group         0x00000000        0x8 APP/main.o
 .group         0x00000000        0x8 APP/main.o
 .group         0x00000000        0x8 APP/main.o
 .group         0x00000000        0x8 APP/main.o
 .group         0x00000000        0x8 APP/main.o
 .group         0x00000000        0x8 APP/main.o
 .group         0x00000000        0x8 APP/main.o
 .group         0x00000000        0x8 APP/main.o
 .group         0x00000000        0x8 APP/main.o
 .text          0x00000000        0x0 APP/main.o
 .data          0x00000000        0x0 APP/main.o
 .bss           0x00000000        0x0 APP/main.o
 .group         0x00000000        0x8 HAL/KEYPAD/KEYPAD.o
 .group         0x00000000        0x8 HAL/KEYPAD/KEYPAD.o
 .group         0x00000000        0x8 HAL/KEYPAD/KEYPAD.o
 .group         0x00000000        0x8 HAL/KEYPAD/KEYPAD.o
 .group         0x00000000        0x8 HAL/KEYPAD/KEYPAD.o
 .group         0x00000000        0x8 HAL/KEYPAD/KEYPAD.o
 .group         0x00000000        0x8 HAL/KEYPAD/KEYPAD.o
 .group         0x00000000        0x8 HAL/KEYPAD/KEYPAD.o
 .group         0x00000000        0x8 HAL/KEYPAD/KEYPAD.o
 .text          0x00000000        0x0 HAL/KEYPAD/KEYPAD.o
 .data          0x00000000        0x0 HAL/KEYPAD/KEYPAD.o
 .bss           0x00000000        0x0 HAL/KEYPAD/KEYPAD.o
 .text.KEYPAD_READ
                0x00000000       0xf6 HAL/KEYPAD/KEYPAD.o
 .data.arr      0x00000000       0x10 HAL/KEYPAD/KEYPAD.o
 .debug_macro   0x00000000      0xa4e HAL/KEYPAD/KEYPAD.o
 .debug_macro   0x00000000       0x46 HAL/KEYPAD/KEYPAD.o
 .debug_macro   0x00000000       0xb2 HAL/KEYPAD/KEYPAD.o
 .debug_macro   0x00000000       0xd6 HAL/KEYPAD/KEYPAD.o
 .debug_macro   0x00000000       0x52 HAL/KEYPAD/KEYPAD.o
 .debug_macro   0x00000000       0x10 HAL/KEYPAD/KEYPAD.o
 .debug_macro   0x00000000      0x1c9 HAL/KEYPAD/KEYPAD.o
 .debug_macro   0x00000000      0x2fc HAL/KEYPAD/KEYPAD.o
 .debug_macro   0x00000000      0x166 HAL/KEYPAD/KEYPAD.o
 .group         0x00000000        0x8 HAL/LCD/LCD.o
 .group         0x00000000        0x8 HAL/LCD/LCD.o
 .group         0x00000000        0x8 HAL/LCD/LCD.o
 .group         0x00000000        0x8 HAL/LCD/LCD.o
 .group         0x00000000        0x8 HAL/LCD/LCD.o
 .group         0x00000000        0x8 HAL/LCD/LCD.o
 .group         0x00000000        0x8 HAL/LCD/LCD.o
 .group         0x00000000        0x8 HAL/LCD/LCD.o
 .group         0x00000000        0x8 HAL/LCD/LCD.o
 .group         0x00000000        0x8 HAL/LCD/LCD.o
 .text          0x00000000        0x0 HAL/LCD/LCD.o
 .data          0x00000000        0x0 HAL/LCD/LCD.o
 .bss           0x00000000        0x0 HAL/LCD/LCD.o
 .text.LCD_EN   0x00000000       0x2e HAL/LCD/LCD.o
 .text.LCD_SEND_STRING
                0x00000000       0x1e HAL/LCD/LCD.o
 .text.LCD_CLR_SCREEN
                0x00000000       0x14 HAL/LCD/LCD.o
 .text.LCD_MOVE_CURSOR
                0x00000000       0x54 HAL/LCD/LCD.o
 .debug_macro   0x00000000      0xa4e HAL/LCD/LCD.o
 .debug_macro   0x00000000       0x10 HAL/LCD/LCD.o
 .debug_macro   0x00000000      0x1c9 HAL/LCD/LCD.o
 .debug_macro   0x00000000      0x2fc HAL/LCD/LCD.o
 .debug_macro   0x00000000      0x166 HAL/LCD/LCD.o
 .debug_macro   0x00000000       0xb2 HAL/LCD/LCD.o
 .debug_macro   0x00000000       0xd6 HAL/LCD/LCD.o
 .debug_macro   0x00000000       0x52 HAL/LCD/LCD.o
 .debug_macro   0x00000000       0x40 HAL/LCD/LCD.o
 .debug_macro   0x00000000       0x70 HAL/LCD/LCD.o
 .group         0x00000000        0x8 MCAL/DIO/DIO.o
 .group         0x00000000        0x8 MCAL/DIO/DIO.o
 .group         0x00000000        0x8 MCAL/DIO/DIO.o
 .group         0x00000000        0x8 MCAL/DIO/DIO.o
 .text          0x00000000        0x0 MCAL/DIO/DIO.o
 .data          0x00000000        0x0 MCAL/DIO/DIO.o
 .bss           0x00000000        0x0 MCAL/DIO/DIO.o
 .text.DIO_SetPortVal
                0x00000000       0x1a MCAL/DIO/DIO.o
 .text.DIO_ReadPinVal
                0x00000000       0xa4 MCAL/DIO/DIO.o
 .text.DIO_ReadPortVal
                0x00000000       0x24 MCAL/DIO/DIO.o
 .text.DIO_TogglePin
                0x00000000       0x68 MCAL/DIO/DIO.o
 .debug_macro   0x00000000      0xa4e MCAL/DIO/DIO.o
 .debug_macro   0x00000000       0xb2 MCAL/DIO/DIO.o
 .debug_macro   0x00000000       0x52 MCAL/DIO/DIO.o
 .debug_macro   0x00000000       0xd6 MCAL/DIO/DIO.o
 .group         0x00000000        0x8 MCAL/SPI/SPI.o
 .group         0x00000000        0x8 MCAL/SPI/SPI.o
 .group         0x00000000        0x8 MCAL/SPI/SPI.o
 .group         0x00000000        0x8 MCAL/SPI/SPI.o
 .group         0x00000000        0x8 MCAL/SPI/SPI.o
 .text          0x00000000        0x0 MCAL/SPI/SPI.o
 .data          0x00000000        0x0 MCAL/SPI/SPI.o
 .bss           0x00000000        0x0 MCAL/SPI/SPI.o
 .text.SPI_voidSlaveInit
                0x00000000       0x14 MCAL/SPI/SPI.o
 .text.SPI_u8Recieve
                0x00000000        0xa MCAL/SPI/SPI.o
 .text.SPI_u8ReadDataISR
                0x00000000        0x4 MCAL/SPI/SPI.o
 .text.SPI_voidSendDataISR
                0x00000000        0x4 MCAL/SPI/SPI.o
 .text.SPI_voidSetCallBack
                0x00000000        0xa MCAL/SPI/SPI.o
 .debug_macro   0x00000000      0xa4e MCAL/SPI/SPI.o
 .debug_macro   0x00000000       0x2e MCAL/SPI/SPI.o
 .debug_macro   0x00000000       0x5e MCAL/SPI/SPI.o
 .debug_macro   0x00000000       0x5e MCAL/SPI/SPI.o
 .debug_macro   0x00000000       0xb2 MCAL/SPI/SPI.o
 .group         0x00000000        0x8 MCAL/UART/UART_PROG.o
 .group         0x00000000        0x8 MCAL/UART/UART_PROG.o
 .group         0x00000000        0x8 MCAL/UART/UART_PROG.o
 .group         0x00000000        0x8 MCAL/UART/UART_PROG.o
 .group         0x00000000        0x8 MCAL/UART/UART_PROG.o
 .group         0x00000000        0x8 MCAL/UART/UART_PROG.o
 .group         0x00000000        0x8 MCAL/UART/UART_PROG.o
 .group         0x00000000        0x8 MCAL/UART/UART_PROG.o
 .group         0x00000000        0x8 MCAL/UART/UART_PROG.o
 .group         0x00000000        0x8 MCAL/UART/UART_PROG.o
 .group         0x00000000        0x8 MCAL/UART/UART_PROG.o
 .text          0x00000000        0x0 MCAL/UART/UART_PROG.o
 .data          0x00000000        0x0 MCAL/UART/UART_PROG.o
 .bss           0x00000000        0x0 MCAL/UART/UART_PROG.o
 .text.UART_RX_DISABLE
                0x00000000        0x4 MCAL/UART/UART_PROG.o
 .text.UART_TX_ENABLE
                0x00000000        0x4 MCAL/UART/UART_PROG.o
 .text.UART_TX_DISABLE
                0x00000000        0x4 MCAL/UART/UART_PROG.o
 .text.USART_Transmit
                0x00000000        0x8 MCAL/UART/UART_PROG.o
 .text.UART_String_Transmit
                0x00000000       0x1a MCAL/UART/UART_PROG.o
 .text.UART_receiveString
                0x00000000       0x42 MCAL/UART/UART_PROG.o
 .debug_macro   0x00000000      0xa4e MCAL/UART/UART_PROG.o
 .debug_macro   0x00000000       0x10 MCAL/UART/UART_PROG.o
 .debug_macro   0x00000000      0x1c9 MCAL/UART/UART_PROG.o
 .debug_macro   0x00000000      0x2fc MCAL/UART/UART_PROG.o
 .debug_macro   0x00000000      0x166 MCAL/UART/UART_PROG.o
 .debug_macro   0x00000000       0xb2 MCAL/UART/UART_PROG.o
 .debug_macro   0x00000000       0xd6 MCAL/UART/UART_PROG.o
 .debug_macro   0x00000000       0x52 MCAL/UART/UART_PROG.o
 .debug_macro   0x00000000       0x76 MCAL/UART/UART_PROG.o
 .debug_macro   0x00000000       0x28 MCAL/UART/UART_PROG.o
 .debug_macro   0x00000000       0xc4 MCAL/UART/UART_PROG.o
 .text          0x00000000        0x0 c:/program files (x86)/atmel/studio/7.0/toolchain/avr8/avr8-gnu-toolchain/bin/../lib/gcc/avr/5.4.0/avr5\libgcc.a(_exit.o)
 .data          0x00000000        0x0 c:/program files (x86)/atmel/studio/7.0/toolchain/avr8/avr8-gnu-toolchain/bin/../lib/gcc/avr/5.4.0/avr5\libgcc.a(_exit.o)
 .bss           0x00000000        0x0 c:/program files (x86)/atmel/studio/7.0/toolchain/avr8/avr8-gnu-toolchain/bin/../lib/gcc/avr/5.4.0/avr5\libgcc.a(_exit.o)
 .text.libgcc.mul
                0x00000000        0x0 c:/program files (x86)/atmel/studio/7.0/toolchain/avr8/avr8-gnu-toolchain/bin/../lib/gcc/avr/5.4.0/avr5\libgcc.a(_exit.o)
 .text.libgcc.div
                0x00000000        0x0 c:/program files (x86)/atmel/studio/7.0/toolchain/avr8/avr8-gnu-toolchain/bin/../lib/gcc/avr/5.4.0/avr5\libgcc.a(_exit.o)
 .text.libgcc   0x00000000        0x0 c:/program files (x86)/atmel/studio/7.0/toolchain/avr8/avr8-gnu-toolchain/bin/../lib/gcc/avr/5.4.0/avr5\libgcc.a(_exit.o)
 .text.libgcc.prologue
                0x00000000        0x0 c:/program files (x86)/atmel/studio/7.0/toolchain/avr8/avr8-gnu-toolchain/bin/../lib/gcc/avr/5.4.0/avr5\libgcc.a(_exit.o)
 .text.libgcc.builtins
                0x00000000        0x0 c:/program files (x86)/atmel/studio/7.0/toolchain/avr8/avr8-gnu-toolchain/bin/../lib/gcc/avr/5.4.0/avr5\libgcc.a(_exit.o)
 .text.libgcc.fmul
                0x00000000        0x0 c:/program files (x86)/atmel/studio/7.0/toolchain/avr8/avr8-gnu-toolchain/bin/../lib/gcc/avr/5.4.0/avr5\libgcc.a(_exit.o)
 .text.libgcc.fixed
                0x00000000        0x0 c:/program files (x86)/atmel/studio/7.0/toolchain/avr8/avr8-gnu-toolchain/bin/../lib/gcc/avr/5.4.0/avr5\libgcc.a(_exit.o)
 .text          0x00000000        0x0 c:/program files (x86)/atmel/studio/7.0/toolchain/avr8/avr8-gnu-toolchain/bin/../lib/gcc/avr/5.4.0/avr5\libgcc.a(_copy_data.o)
 .data          0x00000000        0x0 c:/program files (x86)/atmel/studio/7.0/toolchain/avr8/avr8-gnu-toolchain/bin/../lib/gcc/avr/5.4.0/avr5\libgcc.a(_copy_data.o)
 .bss           0x00000000        0x0 c:/program files (x86)/atmel/studio/7.0/toolchain/avr8/avr8-gnu-toolchain/bin/../lib/gcc/avr/5.4.0/avr5\libgcc.a(_copy_data.o)
 .text.libgcc.mul
                0x00000000        0x0 c:/program files (x86)/atmel/studio/7.0/toolchain/avr8/avr8-gnu-toolchain/bin/../lib/gcc/avr/5.4.0/avr5\libgcc.a(_copy_data.o)
 .text.libgcc.div
                0x00000000        0x0 c:/program files (x86)/atmel/studio/7.0/toolchain/avr8/avr8-gnu-toolchain/bin/../lib/gcc/avr/5.4.0/avr5\libgcc.a(_copy_data.o)
 .text.libgcc   0x00000000        0x0 c:/program files (x86)/atmel/studio/7.0/toolchain/avr8/avr8-gnu-toolchain/bin/../lib/gcc/avr/5.4.0/avr5\libgcc.a(_copy_data.o)
 .text.libgcc.prologue
                0x00000000        0x0 c:/program files (x86)/atmel/studio/7.0/toolchain/avr8/avr8-gnu-toolchain/bin/../lib/gcc/avr/5.4.0/avr5\libgcc.a(_copy_data.o)
 .text.libgcc.builtins
                0x00000000        0x0 c:/program files (x86)/atmel/studio/7.0/toolchain/avr8/avr8-gnu-toolchain/bin/../lib/gcc/avr/5.4.0/avr5\libgcc.a(_copy_data.o)
 .text.libgcc.fmul
                0x00000000        0x0 c:/program files (x86)/atmel/studio/7.0/toolchain/avr8/avr8-gnu-toolchain/bin/../lib/gcc/avr/5.4.0/avr5\libgcc.a(_copy_data.o)
 .text.libgcc.fixed
                0x00000000        0x0 c:/program files (x86)/atmel/studio/7.0/toolchain/avr8/avr8-gnu-toolchain/bin/../lib/gcc/avr/5.4.0/avr5\libgcc.a(_copy_data.o)
 .text          0x00000000        0x0 c:/program files (x86)/atmel/studio/7.0/toolchain/avr8/avr8-gnu-toolchain/bin/../lib/gcc/avr/5.4.0/avr5\libgcc.a(_clear_bss.o)
 .data          0x00000000        0x0 c:/program files (x86)/atmel/studio/7.0/toolchain/avr8/avr8-gnu-toolchain/bin/../lib/gcc/avr/5.4.0/avr5\libgcc.a(_clear_bss.o)
 .bss           0x00000000        0x0 c:/program files (x86)/atmel/studio/7.0/toolchain/avr8/avr8-gnu-toolchain/bin/../lib/gcc/avr/5.4.0/avr5\libgcc.a(_clear_bss.o)
 .text.libgcc.mul
                0x00000000        0x0 c:/program files (x86)/atmel/studio/7.0/toolchain/avr8/avr8-gnu-toolchain/bin/../lib/gcc/avr/5.4.0/avr5\libgcc.a(_clear_bss.o)
 .text.libgcc.div
                0x00000000        0x0 c:/program files (x86)/atmel/studio/7.0/toolchain/avr8/avr8-gnu-toolchain/bin/../lib/gcc/avr/5.4.0/avr5\libgcc.a(_clear_bss.o)
 .text.libgcc   0x00000000        0x0 c:/program files (x86)/atmel/studio/7.0/toolchain/avr8/avr8-gnu-toolchain/bin/../lib/gcc/avr/5.4.0/avr5\libgcc.a(_clear_bss.o)
 .text.libgcc.prologue
                0x00000000        0x0 c:/program files (x86)/atmel/studio/7.0/toolchain/avr8/avr8-gnu-toolchain/bin/../lib/gcc/avr/5.4.0/avr5\libgcc.a(_clear_bss.o)
 .text.libgcc.builtins
                0x00000000        0x0 c:/program files (x86)/atmel/studio/7.0/toolchain/avr8/avr8-gnu-toolchain/bin/../lib/gcc/avr/5.4.0/avr5\libgcc.a(_clear_bss.o)
 .text.libgcc.fmul
                0x00000000        0x0 c:/program files (x86)/atmel/studio/7.0/toolchain/avr8/avr8-gnu-toolchain/bin/../lib/gcc/avr/5.4.0/avr5\libgcc.a(_clear_bss.o)
 .text.libgcc.fixed
                0x00000000        0x0 c:/program files (x86)/atmel/studio/7.0/toolchain/avr8/avr8-gnu-toolchain/bin/../lib/gcc/avr/5.4.0/avr5\libgcc.a(_clear_bss.o)

Memory Configuration

Name             Origin             Length             Attributes
text             0x00000000         0x00008000         xr
data             0x00800060         0x00000800         rw !x
eeprom           0x00810000         0x00000400         rw !x
fuse             0x00820000         0x00000002         rw !x
lock             0x00830000         0x00000400         rw !x
signature        0x00840000         0x00000400         rw !x
user_signatures  0x00850000         0x00000400         rw !x
*default*        0x00000000         0xffffffff

Linker script and memory map

LOAD C:/Program Files (x86)/Atmel/Studio/7.0/Packs/atmel/ATmega_DFP/2.0.401/gcc/dev/atmega32/avr5/crtatmega32.o
LOAD APP/main.o
LOAD HAL/KEYPAD/KEYPAD.o
LOAD HAL/LCD/LCD.o
LOAD MCAL/DIO/DIO.o
LOAD MCAL/SPI/SPI.o
LOAD MCAL/UART/UART_PROG.o
START GROUP
LOAD c:/program files (x86)/atmel/studio/7.0/toolchain/avr8/avr8-gnu-toolchain/bin/../lib/gcc/avr/5.4.0/../../../../avr/lib/avr5\libm.a
END GROUP
START GROUP
LOAD c:/program files (x86)/atmel/studio/7.0/toolchain/avr8/avr8-gnu-toolchain/bin/../lib/gcc/avr/5.4.0/avr5\libgcc.a
LOAD c:/program files (x86)/atmel/studio/7.0/toolchain/avr8/avr8-gnu-toolchain/bin/../lib/gcc/avr/5.4.0/../../../../avr/lib/avr5\libm.a
LOAD c:/program files (x86)/atmel/studio/7.0/toolchain/avr8/avr8-gnu-toolchain/bin/../lib/gcc/avr/5.4.0/../../../../avr/lib/avr5\libc.a
LOAD C:/Program Files (x86)/Atmel/Studio/7.0/Packs/atmel/ATmega_DFP/2.0.401/gcc/dev/atmega32/avr5\libatmega32.a
END GROUP
                0x00000000                __TEXT_REGION_ORIGIN__ = DEFINED (__TEXT_REGION_ORIGIN__)?__TEXT_REGION_ORIGIN__:0x0
                [0x00800060]                __DATA_REGION_ORIGIN__ = DEFINED (__DATA_REGION_ORIGIN__)?__DATA_REGION_ORIGIN__:0x800060
                [0x00008000]                __TEXT_REGION_LENGTH__ = DEFINED (__TEXT_REGION_LENGTH__)?__TEXT_REGION_LENGTH__:0x20000
                [0x00000800]                __DATA_REGION_LENGTH__ = DEFINED (__DATA_REGION_LENGTH__)?__DATA_REGION_LENGTH__:0xffa0
                [0x00000400]                __EEPROM_REGION_LENGTH__ = DEFINED (__EEPROM_REGION_LENGTH__)?__EEPROM_REGION_LENGTH__:0x10000
                [0x00000002]                __FUSE_REGION_LENGTH__ = DEFINED (__FUSE_REGION_LENGTH__)?__FUSE_REGION_LENGTH__:0x400
                0x00000400                __LOCK_REGION_LENGTH__ = DEFINED (__LOCK_REGION_LENGTH__)?__LOCK_REGION_LENGTH__:0x400
                0x00000400                __SIGNATURE_REGION_LENGTH__ = DEFINED (__SIGNATURE_REGION_LENGTH__)?__SIGNATURE_REGION_LENGTH__:0x400
                0x00000400                __USER_SIGNATURE_REGION_LENGTH__ = DEFINED (__USER_SIGNATURE_REGION_LENGTH__)?__USER_SIGNATURE_REGION_LENGTH__:0x400

.hash
 *(.hash)

.dynsym
 *(.dynsym)

.dynstr
 *(.dynstr)

.gnu.version
 *(.gnu.version)

.gnu.version_d
 *(.gnu.version_d)

.gnu.version_r
 *(.gnu.version_r)

.rel.init
 *(.rel.init)

.rela.init
 *(.rela.init)

.rel.text
 *(.rel.text)
 *(.rel.text.*)
 *(.rel.gnu.linkonce.t*)

.rela.text
 *(.rela.text)
 *(.rela.text.*)
 *(.rela.gnu.linkonce.t*)

.rel.fini
 *(.rel.fini)

.rela.fini
 *(.rela.fini)

.rel.rodata
 *(.rel.rodata)
 *(.rel.rodata.*)
 *(.rel.gnu.linkonce.r*)

.rela.rodata
 *(.rela.rodata)
 *(.rela.rodata.*)
 *(.rela.gnu.linkonce.r*)

.rel.data
 *(.rel.data)
 *(.rel.data.*)
 *(.rel.gnu.linkonce.d*)

.rela.data
 *(.rela.data)
 *(.rela.data.*)
 *(.rela.gnu.linkonce.d*)

.rel.ctors
 *(.rel.ctors)

.rela.ctors
 *(.rela.ctors)

.rel.dtors
 *(.rel.dtors)

.rela.dtors
 *(.rela.dtors)

.rel.got
 *(.rel.got)

.rela.got
 *(.rela.got)

.rel.bss
 *(.rel.bss)

.rela.bss
 *(.rela.bss)

.rel.plt
 *(.rel.plt)

.rela.plt
 *(.rela.plt)

.text           0x00000000      0x4ee
 *(.vectors)
 .vectors       0x00000000       0x54 C:/Program Files (x86)/Atmel/Studio/7.0/Packs/atmel/ATmega_DFP/2.0.401/gcc/dev/atmega32/avr5/crtatmega32.o
                0x00000000                __vector_default
                0x00000000                __vectors
 *(.vectors)
 *(.progmem.gcc*)
                0x00000054                . = ALIGN (0x2)
                0x00000054                __trampolines_start = .
 *(.trampolines)
 .trampolines   0x00000054        0x0 linker stubs
 *(.trampolines*)
                0x00000054                __trampolines_end = .
 *libprintf_flt.a:*(.progmem.data)
 *libc.a:*(.progmem.data)
 *(.progmem*)
                0x00000054                . = ALIGN (0x2)
 *(.jumptables)
 *(.jumptables*)
 *(.lowtext)
 *(.lowtext*)
                0x00000054                __ctors_start = .
 *(.ctors)
                0x00000054                __ctors_end = .
                0x00000054                __dtors_start = .
 *(.dtors)
                0x00000054                __dtors_end = .
 SORT(*)(.ctors)
 SORT(*)(.dtors)
 *(.init0)
 .init0         0x00000054        0x0 C:/Program Files (x86)/Atmel/Studio/7.0/Packs/atmel/ATmega_DFP/2.0.401/gcc/dev/atmega32/avr5/crtatmega32.o
                0x00000054                __init
 *(.init0)
 *(.init1)
 *(.init1)
 *(.init2)
 .init2         0x00000054        0xc C:/Program Files (x86)/Atmel/Studio/7.0/Packs/atmel/ATmega_DFP/2.0.401/gcc/dev/atmega32/avr5/crtatmega32.o
 *(.init2)
 *(.init3)
 *(.init3)
 *(.init4)
 .init4         0x00000060       0x16 c:/program files (x86)/atmel/studio/7.0/toolchain/avr8/avr8-gnu-toolchain/bin/../lib/gcc/avr/5.4.0/avr5\libgcc.a(_copy_data.o)
                0x00000060                __do_copy_data
 .init4         0x00000076       0x10 c:/program files (x86)/atmel/studio/7.0/toolchain/avr8/avr8-gnu-toolchain/bin/../lib/gcc/avr/5.4.0/avr5\libgcc.a(_clear_bss.o)
                0x00000076                __do_clear_bss
 *(.init4)
 *(.init5)
 *(.init5)
 *(.init6)
 *(.init6)
 *(.init7)
 *(.init7)
 *(.init8)
 *(.init8)
 *(.init9)
 .init9         0x00000086        0x4 C:/Program Files (x86)/Atmel/Studio/7.0/Packs/atmel/ATmega_DFP/2.0.401/gcc/dev/atmega32/avr5/crtatmega32.o
 *(.init9)
 *(.text)
 .text          0x0000008a        0x2 C:/Program Files (x86)/Atmel/Studio/7.0/Packs/atmel/ATmega_DFP/2.0.401/gcc/dev/atmega32/avr5/crtatmega32.o
                0x0000008a                __vector_1
                0x0000008a                __bad_interrupt
                0x0000008a                __vector_6
                0x0000008a                __vector_3
                0x0000008a                __vector_11
                0x0000008a                __vector_13
                0x0000008a                __vector_17
                0x0000008a                __vector_19
                0x0000008a                __vector_7
                0x0000008a                __vector_5
                0x0000008a                __vector_4
                0x0000008a                __vector_9
                0x0000008a                __vector_2
                0x0000008a                __vector_15
                0x0000008a                __vector_8
                0x0000008a                __vector_14
                0x0000008a                __vector_10
                0x0000008a                __vector_16
                0x0000008a                __vector_18
                0x0000008a                __vector_20
                0x0000008c                . = ALIGN (0x2)
 *(.text.*)
 .text.main     0x0000008c       0x3a APP/main.o
                0x0000008c                main
 .text.KEYPAD_INIT
                0x000000c6       0x1a HAL/KEYPAD/KEYPAD.o
                0x000000c6                KEYPAD_INIT
 .text.LCD_instruction
                0x000000e0       0xc0 HAL/LCD/LCD.o
                0x000000e0                LCD_instruction
 .text.LCD_INIT
                0x000001a0       0x6e HAL/LCD/LCD.o
                0x000001a0                LCD_INIT
 .text.LCD_write_char
                0x0000020e       0xc0 HAL/LCD/LCD.o
                0x0000020e                LCD_write_char
 .text.DIO_init
                0x000002ce       0x12 MCAL/DIO/DIO.o
                0x000002ce                DIO_init
 .text.DIO_SetPinVal
                0x000002e0       0xda MCAL/DIO/DIO.o
                0x000002e0                DIO_SetPinVal
 .text.DIO_EN_PULLUP
                0x000003ba       0x68 MCAL/DIO/DIO.o
                0x000003ba                DIO_EN_PULLUP
 .text.SPI_MASTER_INIT
                0x00000422       0x14 MCAL/SPI/SPI.o
                0x00000422                SPI_MASTER_INIT
 .text.SPI_u8Transfer
                0x00000436        0xa MCAL/SPI/SPI.o
                0x00000436                SPI_u8Transfer
 .text.__vector_12
                0x00000440       0x52 MCAL/SPI/SPI.o
                0x00000440                __vector_12
 .text.UART_init
                0x00000492       0x4c MCAL/UART/UART_PROG.o
                0x00000492                UART_init
 .text.UART_RX_ENABLE
                0x000004de        0x4 MCAL/UART/UART_PROG.o
                0x000004de                UART_RX_ENABLE
 .text.USART_Receive
                0x000004e2        0x8 MCAL/UART/UART_PROG.o
                0x000004e2                USART_Receive
                0x000004ea                . = ALIGN (0x2)
 *(.fini9)
 .fini9         0x000004ea        0x0 c:/program files (x86)/atmel/studio/7.0/toolchain/avr8/avr8-gnu-toolchain/bin/../lib/gcc/avr/5.4.0/avr5\libgcc.a(_exit.o)
                0x000004ea                _exit
                0x000004ea                exit
 *(.fini9)
 *(.fini8)
 *(.fini8)
 *(.fini7)
 *(.fini7)
 *(.fini6)
 *(.fini6)
 *(.fini5)
 *(.fini5)
 *(.fini4)
 *(.fini4)
 *(.fini3)
 *(.fini3)
 *(.fini2)
 *(.fini2)
 *(.fini1)
 *(.fini1)
 *(.fini0)
 .fini0         0x000004ea        0x4 c:/program files (x86)/atmel/studio/7.0/toolchain/avr8/avr8-gnu-toolchain/bin/../lib/gcc/avr/5.4.0/avr5\libgcc.a(_exit.o)
 *(.fini0)
                0x000004ee                _etext = .

.data           0x00800060        0x0 load address 0x000004ee
                0x00800060                PROVIDE (__data_start, .)
 *(.data)
 *(.data*)
 *(.gnu.linkonce.d*)
 *(.rodata)
 *(.rodata*)
 *(.gnu.linkonce.r*)
                0x00800060                . = ALIGN (0x2)
                0x00800060                _edata = .
                0x00800060                PROVIDE (__data_end, .)

.bss            0x00800060        0x4
                0x00800060                PROVIDE (__bss_start, .)
 *(.bss)
 *(.bss*)
 .bss.SPICallbackFunc
                0x00800060        0x2 MCAL/SPI/SPI.o
                0x00800060                SPICallbackFunc
 *(COMMON)
 COMMON         0x00800062        0x2 APP/main.o
                0x00800062                readKeypad
                0x00800063                readSPI
                0x00800064                PROVIDE (__bss_end, .)
                0x000004ee                __data_load_start = LOADADDR (.data)
                0x000004ee                __data_load_end = (__data_load_start + SIZEOF (.data))

.noinit         0x00800064        0x0
                [!provide]                PROVIDE (__noinit_start, .)
 *(.noinit*)
                [!provide]                PROVIDE (__noinit_end, .)
                0x00800064                _end = .
                [!provide]                PROVIDE (__heap_start, .)

.eeprom         0x00810000        0x0
 *(.eeprom*)
                0x00810000                __eeprom_end = .

.fuse
 *(.fuse)
 *(.lfuse)
 *(.hfuse)
 *(.efuse)

.lock
 *(.lock*)

.signature
 *(.signature*)

.user_signatures
 *(.user_signatures*)

.stab
 *(.stab)

.stabstr
 *(.stabstr)

.stab.excl
 *(.stab.excl)

.stab.exclstr
 *(.stab.exclstr)

.stab.index
 *(.stab.index)

.stab.indexstr
 *(.stab.indexstr)

.comment        0x00000000       0x30
 *(.comment)
 .comment       0x00000000       0x30 APP/main.o
                                 0x31 (size before relaxing)
 .comment       0x00000030       0x31 HAL/KEYPAD/KEYPAD.o
 .comment       0x00000030       0x31 HAL/LCD/LCD.o
 .comment       0x00000030       0x31 MCAL/DIO/DIO.o
 .comment       0x00000030       0x31 MCAL/SPI/SPI.o
 .comment       0x00000030       0x31 MCAL/UART/UART_PROG.o

.note.gnu.avr.deviceinfo
                0x00000000       0x3c
 .note.gnu.avr.deviceinfo
                0x00000000       0x3c C:/Program Files (x86)/Atmel/Studio/7.0/Packs/atmel/ATmega_DFP/2.0.401/gcc/dev/atmega32/avr5/crtatmega32.o

.note.gnu.build-id
 *(.note.gnu.build-id)

.debug
 *(.debug)

.line
 *(.line)

.debug_srcinfo
 *(.debug_srcinfo)

.debug_sfnames
 *(.debug_sfnames)

.debug_aranges  0x00000000      0x1a0
 *(.debug_aranges)
 .debug_aranges
                0x00000000       0x20 APP/main.o
 .debug_aranges
                0x00000020       0x28 HAL/KEYPAD/KEYPAD.o
 .debug_aranges
                0x00000048       0x50 HAL/LCD/LCD.o
 .debug_aranges
                0x00000098       0x50 MCAL/DIO/DIO.o
 .debug_aranges
                0x000000e8       0x58 MCAL/SPI/SPI.o
 .debug_aranges
                0x00000140       0x60 MCAL/UART/UART_PROG.o

.debug_pubnames
 *(.debug_pubnames)

.debug_info     0x00000000     0x1a00
 *(.debug_info .gnu.linkonce.wi.*)
 .debug_info    0x00000000      0x4e6 C:/Program Files (x86)/Atmel/Studio/7.0/Packs/atmel/ATmega_DFP/2.0.401/gcc/dev/atmega32/avr5/crtatmega32.o
 .debug_info    0x000004e6      0x26e APP/main.o
 .debug_info    0x00000754      0x306 HAL/KEYPAD/KEYPAD.o
 .debug_info    0x00000a5a      0xa2c HAL/LCD/LCD.o
 .debug_info    0x00001486      0x1fd MCAL/DIO/DIO.o
 .debug_info    0x00001683      0x1a5 MCAL/SPI/SPI.o
 .debug_info    0x00001828      0x1d8 MCAL/UART/UART_PROG.o

.debug_abbrev   0x00000000      0xaf9
 *(.debug_abbrev)
 .debug_abbrev  0x00000000      0x4a3 C:/Program Files (x86)/Atmel/Studio/7.0/Packs/atmel/ATmega_DFP/2.0.401/gcc/dev/atmega32/avr5/crtatmega32.o
 .debug_abbrev  0x000004a3      0x12f APP/main.o
 .debug_abbrev  0x000005d2       0xf7 HAL/KEYPAD/KEYPAD.o
 .debug_abbrev  0x000006c9      0x167 HAL/LCD/LCD.o
 .debug_abbrev  0x00000830       0xd1 MCAL/DIO/DIO.o
 .debug_abbrev  0x00000901       0xf0 MCAL/SPI/SPI.o
 .debug_abbrev  0x000009f1      0x108 MCAL/UART/UART_PROG.o

.debug_line     0x00000000     0x166b
 *(.debug_line .debug_line.* .debug_line_end)
 .debug_line    0x00000000      0x116 C:/Program Files (x86)/Atmel/Studio/7.0/Packs/atmel/ATmega_DFP/2.0.401/gcc/dev/atmega32/avr5/crtatmega32.o
 .debug_line    0x00000116      0x497 APP/main.o
 .debug_line    0x000005ad      0x344 HAL/KEYPAD/KEYPAD.o
 .debug_line    0x000008f1      0x4e1 HAL/LCD/LCD.o
 .debug_line    0x00000dd2      0x266 MCAL/DIO/DIO.o
 .debug_line    0x00001038      0x1e6 MCAL/SPI/SPI.o
 .debug_line    0x0000121e      0x44d MCAL/UART/UART_PROG.o

.debug_frame    0x00000000      0x338
 *(.debug_frame)
 .debug_frame   0x00000000       0x24 APP/main.o
 .debug_frame   0x00000024       0x48 HAL/KEYPAD/KEYPAD.o
 .debug_frame   0x0000006c       0xa0 HAL/LCD/LCD.o
 .debug_frame   0x0000010c       0x84 MCAL/DIO/DIO.o
 .debug_frame   0x00000190       0xdc MCAL/SPI/SPI.o
 .debug_frame   0x0000026c       0xcc MCAL/UART/UART_PROG.o

.debug_str      0x00000000     0x4e4e
 *(.debug_str)
 .debug_str     0x00000000      0x196 C:/Program Files (x86)/Atmel/Studio/7.0/Packs/atmel/ATmega_DFP/2.0.401/gcc/dev/atmega32/avr5/crtatmega32.o
 .debug_str     0x00000196     0x4a65 APP/main.o
                               0x4ad9 (size before relaxing)
 .debug_str     0x00004bfb       0x6d HAL/KEYPAD/KEYPAD.o
                               0x42bc (size before relaxing)
 .debug_str     0x00004c68       0x68 HAL/LCD/LCD.o
                               0x44e8 (size before relaxing)
 .debug_str     0x00004cd0       0x4f MCAL/DIO/DIO.o
                               0x3182 (size before relaxing)
 .debug_str     0x00004d1f       0x9c MCAL/SPI/SPI.o
                               0x30b2 (size before relaxing)
 .debug_str     0x00004dbb       0x93 MCAL/UART/UART_PROG.o
                               0x45e0 (size before relaxing)

.debug_loc      0x00000000      0xf48
 *(.debug_loc)
 .debug_loc     0x00000000       0x66 APP/main.o
 .debug_loc     0x00000066      0x165 HAL/KEYPAD/KEYPAD.o
 .debug_loc     0x000001cb      0x7a7 HAL/LCD/LCD.o
 .debug_loc     0x00000972      0x37c MCAL/DIO/DIO.o
 .debug_loc     0x00000cee      0x109 MCAL/SPI/SPI.o
 .debug_loc     0x00000df7      0x151 MCAL/UART/UART_PROG.o

.debug_macinfo
 *(.debug_macinfo)

.debug_weaknames
 *(.debug_weaknames)

.debug_funcnames
 *(.debug_funcnames)

.debug_typenames
 *(.debug_typenames)

.debug_varnames
 *(.debug_varnames)

.debug_pubtypes
 *(.debug_pubtypes)

.debug_ranges   0x00000000      0x160
 *(.debug_ranges)
 .debug_ranges  0x00000000       0x10 APP/main.o
 .debug_ranges  0x00000010       0x38 HAL/KEYPAD/KEYPAD.o
 .debug_ranges  0x00000048       0x40 HAL/LCD/LCD.o
 .debug_ranges  0x00000088       0x40 MCAL/DIO/DIO.o
 .debug_ranges  0x000000c8       0x48 MCAL/SPI/SPI.o
 .debug_ranges  0x00000110       0x50 MCAL/UART/UART_PROG.o

.debug_macro    0x00000000     0x1907
 *(.debug_macro)
 .debug_macro   0x00000000      0x119 APP/main.o
 .debug_macro   0x00000119      0xa4e APP/main.o
 .debug_macro   0x00000b67       0x10 APP/main.o
 .debug_macro   0x00000b77      0x1c9 APP/main.o
 .debug_macro   0x00000d40      0x2fc APP/main.o
 .debug_macro   0x0000103c      0x166 APP/main.o
 .debug_macro   0x000011a2       0xb2 APP/main.o
 .debug_macro   0x00001254       0xd6 APP/main.o
 .debug_macro   0x0000132a       0x52 APP/main.o
 .debug_macro   0x0000137c       0x2e APP/main.o
 .debug_macro   0x000013aa       0x5e APP/main.o
 .debug_macro   0x00001408       0x5e APP/main.o
 .debug_macro   0x00001466       0x76 APP/main.o
 .debug_macro   0x000014dc       0x28 APP/main.o
 .debug_macro   0x00001504       0xc4 APP/main.o
 .debug_macro   0x000015c8       0x46 APP/main.o
 .debug_macro   0x0000160e       0x40 APP/main.o
 .debug_macro   0x0000164e       0x70 APP/main.o
 .debug_macro   0x000016be       0x91 HAL/KEYPAD/KEYPAD.o
 .debug_macro   0x0000174f       0x9a HAL/LCD/LCD.o
 .debug_macro   0x000017e9       0x2c MCAL/DIO/DIO.o
 .debug_macro   0x00001815       0x3f MCAL/SPI/SPI.o
 .debug_macro   0x00001854       0xb3 MCAL/UART/UART_PROG.o
OUTPUT(SPIMASTER.elf elf32-avr)
LOAD linker stubs
